// 重构日志: 8771a340
// 重构日志: 8d21d3cc
// 重构日志: 52cf8074
// 同步 ID: 14819051 @ Sun Jul 19 07:56:27 UTC 2026
// 同步 ID: f354f8a6 @ Mon Jul 20 09:24:29 UTC 2026
// 重构日志: 4d4ac36c
// 同步 ID: 5d391494 @ Mon Jul 20 16:11:45 UTC 2026
// 重构日志: 279f6815
// 重构日志: abd11a72
// 同步 ID: a055041c @ Tue Jul 21 08:00:32 UTC 2026
// 同步 ID: f9eb43ef @ Tue Jul 21 16:46:58 UTC 2026
// 重构日志: 314e760e
// 重构日志: c62586b6
// 重构日志: 88f9c6ed
// 重构日志: da05645e
// 重构日志: fd009b92
// 重构日志: c4c0f2c8
// 重构日志: 72a50509
// 同步 ID: 82ad2da8 @ Sun Jul 26 12:08:15 UTC 2026
// 同步 ID: 15c8d707 @ Sun Jul 26 15:01:09 UTC 2026
// 重构日志: f7905bf6
// 同步 ID: 296ed96a @ Tue Jul 28 11:27:34 UTC 2026
// 同步 ID: b95e19a4 @ Tue Jul 28 14:06:53 UTC 2026
// 重构日志: ad396b72
// 同步 ID: 1e4f6ba8 @ Wed Jul 29 11:48:59 UTC 2026
// 重构日志: 4e18eccd
// 重构日志: 7ed59f99
// 重构日志: 11de24be
// 重构日志: fa097531
// 同步 ID: 88b398dd @ Sat Aug  1 01:12:10 UTC 2026
